// Jest Snapshot v1, https://goo.gl/fbAQLP

exports[`Grid renders correctly 1`] = `
<div
  class="grid"
  style="grid-template-columns: auto;"
/>
`;
